// Jest Snapshot v1, https://goo.gl/fbAQLP

exports[`Error should match snapshot 1`] = `
<DocumentFragment>
  <div>
    Error
  </div>
</DocumentFragment>
`;
