// Jest Snapshot v1, https://goo.gl/fbAQLP

exports[`Spinner should match snapshot 1`] = `
<DocumentFragment>
  <div
    class="spinner"
  />
</DocumentFragment>
`;
